
> Configure project :app
WARNING: The option setting 'android.builtInKotlin=false' is deprecated.
The current default is 'true'.
It will be removed in version 10.0 of the Android Gradle plugin.
WARNING: The option setting 'android.newDsl=false' is deprecated.
The current default is 'true'.
It will be removed in version 10.0 of the Android Gradle plugin.

[Incubating] Problems report is available at: file:///root/yusa/sing-box-for-android/build/reports/problems/problems-report.html

FAILURE: Build failed with an exception.

* What went wrong:
Cannot locate tasks that match ':app:compileDebugKotlin' as task 'compileDebugKotlin' is ambiguous in project ':app'. Candidates are: 'compileOtherDebugAndroidTestKotlin', 'compileOtherDebugKotlin', 'compileOtherDebugUnitTestKotlin', 'compileOtherLegacyDebugAndroidTestKotlin', 'compileOtherLegacyDebugKotlin', 'compileOtherLegacyDebugUnitTestKotlin', 'compilePlayDebugAndroidTestKotlin', 'compilePlayDebugKotlin', 'compilePlayDebugUnitTestKotlin'.

* Try:
> Run gradlew tasks to get a list of available tasks.
> For more on name expansion, please refer to https://docs.gradle.org/9.1.0/userguide/command_line_interface.html#sec:name_abbreviation in the Gradle documentation.
> Run with --stacktrace option to get the stack trace.
> Run with --info or --debug option to get more log output.
> Run with --scan to generate a Build Scan (Powered by Develocity).
> Get more help at https://help.gradle.org.

Deprecated Gradle features were used in this build, making it incompatible with Gradle 10.

You can use '--warning-mode all' to show the individual deprecation warnings and determine if they come from your own scripts or plugins.

For more on this, please refer to https://docs.gradle.org/9.1.0/userguide/command_line_interface.html#sec:command_line_warnings in the Gradle documentation.

BUILD FAILED in 1s
